This is pdfTeX, Version 3.141592653-2.6-1.40.27 (MiKTeX 25.4) (preloaded format=pdflatex 2025.6.22)  27 JUN 2025 12:34
entering extended mode
 restricted \write18 enabled.
 file:line:error style messages enabled.
 %&-line parsing enabled.
**d:/TEAM_BOOK-2025/LaMaquinitaTeamBook/preamble.tex
(d:/TEAM_BOOK-2025/LaMaquinitaTeamBook/preamble.tex
LaTeX2e <2025-06-01> patch level 1
L3 programming layer <2025-05-26>
d:/TEAM_BOOK-2025/LaMaquinitaTeamBook/preamble.tex:20: Undefined control sequence.
<argument> \undefinedpagestyle 
                               
l.20 \pagestyle{fancy}
                      
The control sequence at the end of the top line
of your error message was never \def'ed. If you have
misspelled it (e.g., `\hobx'), type `I' and the correct
spelling (e.g., `I\hbox'). Otherwise just continue,
and I'll forget about whatever was undefined.

d:/TEAM_BOOK-2025/LaMaquinitaTeamBook/preamble.tex:21: Undefined control sequence.
l.21 \fancyhead
               [LO]{\textbf{\title}}
The control sequence at the end of the top line
of your error message was never \def'ed. If you have
misspelled it (e.g., `\hobx'), type `I' and the correct
spelling (e.g., `I\hbox'). Otherwise just continue,
and I'll forget about whatever was undefined.


d:/TEAM_BOOK-2025/LaMaquinitaTeamBook/preamble.tex:21: LaTeX Error: Missing \begin{document}.

See the LaTeX manual or LaTeX Companion for explanation.
Type  H <return>  for immediate help.
 ...                                              
                                                  
l.21 \fancyhead[
                LO]{\textbf{\title}}
You're in trouble here.  Try typing  <return>  to proceed.
If that doesn't work, type  X <return>  to quit.

Missing character: There is no [ in font nullfont!
Missing character: There is no L in font nullfont!
Missing character: There is no O in font nullfont!
Missing character: There is no ] in font nullfont!
d:/TEAM_BOOK-2025/LaMaquinitaTeamBook/preamble.tex:22: Undefined control sequence.
l.22 \fancyhead
               [C]{\leftmark\ -\ \rightmark}
The control sequence at the end of the top line
of your error message was never \def'ed. If you have
misspelled it (e.g., `\hobx'), type `I' and the correct
spelling (e.g., `I\hbox'). Otherwise just continue,
and I'll forget about whatever was undefined.

Missing character: There is no [ in font nullfont!
Missing character: There is no C in font nullfont!
Missing character: There is no ] in font nullfont!
Missing character: There is no - in font nullfont!
d:/TEAM_BOOK-2025/LaMaquinitaTeamBook/preamble.tex:23: Undefined control sequence.
l.23 \fancyhead
               [RO]{Page \thepage\ of \pageref{LastPage}}
The control sequence at the end of the top line
of your error message was never \def'ed. If you have
misspelled it (e.g., `\hobx'), type `I' and the correct
spelling (e.g., `I\hbox'). Otherwise just continue,
and I'll forget about whatever was undefined.

Missing character: There is no [ in font nullfont!
Missing character: There is no R in font nullfont!
Missing character: There is no O in font nullfont!
Missing character: There is no ] in font nullfont!
Missing character: There is no P in font nullfont!
Missing character: There is no a in font nullfont!
Missing character: There is no g in font nullfont!
Missing character: There is no e in font nullfont!
d:/TEAM_BOOK-2025/LaMaquinitaTeamBook/preamble.tex:23: Undefined control sequence.
l.23 \fancyhead[RO]{Page \thepage
                                 \ of \pageref{LastPage}}
The control sequence at the end of the top line
of your error message was never \def'ed. If you have
misspelled it (e.g., `\hobx'), type `I' and the correct
spelling (e.g., `I\hbox'). Otherwise just continue,
and I'll forget about whatever was undefined.

Missing character: There is no o in font nullfont!
Missing character: There is no f in font nullfont!
d:/TEAM_BOOK-2025/LaMaquinitaTeamBook/preamble.tex:23: Undefined control sequence.
<write> ... Reference `LastPage' on page \thepage 
                                                  \space undefined\on@line .
l.23 ...d[RO]{Page \thepage\ of \pageref{LastPage}
                                                  }
The control sequence at the end of the top line
of your error message was never \def'ed. If you have
misspelled it (e.g., `\hobx'), type `I' and the correct
spelling (e.g., `I\hbox'). Otherwise just continue,
and I'll forget about whatever was undefined.


LaTeX Warning: Reference `LastPage' on page  undefined on input line 23.


d:/TEAM_BOOK-2025/LaMaquinitaTeamBook/preamble.tex:24: LaTeX Error: Command \headrulewidth undefined.

See the LaTeX manual or LaTeX Companion for explanation.
Type  H <return>  for immediate help.
 ...                                              
                                                  
l.24 \renewcommand{\headrulewidth}
                                  {0.4pt}
Try typing  <return>  to proceed.
If that doesn't work, type  X <return>  to quit.

d:/TEAM_BOOK-2025/LaMaquinitaTeamBook/preamble.tex:25: Undefined control sequence.
l.25 \fancyfoot
               {}
The control sequence at the end of the top line
of your error message was never \def'ed. If you have
misspelled it (e.g., `\hobx'), type `I' and the correct
spelling (e.g., `I\hbox'). Otherwise just continue,
and I'll forget about whatever was undefined.

d:/TEAM_BOOK-2025/LaMaquinitaTeamBook/preamble.tex:26: Undefined control sequence.
l.26 \definecolor
                 {darkblue}{rgb}{0,0,0.4}
The control sequence at the end of the top line
of your error message was never \def'ed. If you have
misspelled it (e.g., `\hobx'), type `I' and the correct
spelling (e.g., `I\hbox'). Otherwise just continue,
and I'll forget about whatever was undefined.

Missing character: There is no d in font nullfont!
Missing character: There is no a in font nullfont!
Missing character: There is no r in font nullfont!
Missing character: There is no k in font nullfont!
Missing character: There is no b in font nullfont!
Missing character: There is no l in font nullfont!
Missing character: There is no u in font nullfont!
Missing character: There is no e in font nullfont!
Missing character: There is no r in font nullfont!
Missing character: There is no g in font nullfont!
Missing character: There is no b in font nullfont!
Missing character: There is no 0 in font nullfont!
Missing character: There is no , in font nullfont!
Missing character: There is no 0 in font nullfont!
Missing character: There is no , in font nullfont!
Missing character: There is no 0 in font nullfont!
Missing character: There is no . in font nullfont!
Missing character: There is no 4 in font nullfont!
d:/TEAM_BOOK-2025/LaMaquinitaTeamBook/preamble.tex:28: Undefined control sequence.
l.28 \lstloadlanguages
                      {C++}
The control sequence at the end of the top line
of your error message was never \def'ed. If you have
misspelled it (e.g., `\hobx'), type `I' and the correct
spelling (e.g., `I\hbox'). Otherwise just continue,
and I'll forget about whatever was undefined.

Missing character: There is no C in font nullfont!
Missing character: There is no + in font nullfont!
Missing character: There is no + in font nullfont!
d:/TEAM_BOOK-2025/LaMaquinitaTeamBook/preamble.tex:29: Undefined control sequence.
l.29 \lstnewenvironment
                       {code}
The control sequence at the end of the top line
of your error message was never \def'ed. If you have
misspelled it (e.g., `\hobx'), type `I' and the correct
spelling (e.g., `I\hbox'). Otherwise just continue,
and I'll forget about whatever was undefined.

Missing character: There is no c in font nullfont!
Missing character: There is no o in font nullfont!
Missing character: There is no d in font nullfont!
Missing character: There is no e in font nullfont!
d:/TEAM_BOOK-2025/LaMaquinitaTeamBook/preamble.tex:33: Undefined control sequence.
l.33 \lstset
            {% general command to set parameter(s)
The control sequence at the end of the top line
of your error message was never \def'ed. If you have
misspelled it (e.g., `\hobx'), type `I' and the correct
spelling (e.g., `I\hbox'). Otherwise just continue,
and I'll forget about whatever was undefined.

Missing character: There is no l in font nullfont!
Missing character: There is no a in font nullfont!
Missing character: There is no n in font nullfont!
Missing character: There is no g in font nullfont!
Missing character: There is no u in font nullfont!
Missing character: There is no a in font nullfont!
Missing character: There is no g in font nullfont!
Missing character: There is no e in font nullfont!
Missing character: There is no = in font nullfont!
Missing character: There is no C in font nullfont!
Missing character: There is no + in font nullfont!
Missing character: There is no + in font nullfont!
Missing character: There is no , in font nullfont!
Missing character: There is no b in font nullfont!
Missing character: There is no a in font nullfont!
Missing character: There is no s in font nullfont!
Missing character: There is no i in font nullfont!
Missing character: There is no c in font nullfont!
Missing character: There is no s in font nullfont!
Missing character: There is no t in font nullfont!
Missing character: There is no y in font nullfont!
Missing character: There is no l in font nullfont!
Missing character: There is no e in font nullfont!
Missing character: There is no = in font nullfont!
d:/TEAM_BOOK-2025/LaMaquinitaTeamBook/preamble.tex:34: Undefined control sequence.
l.34 	language=C++, basicstyle=\small
                                     \ttfamily, keywordstyle=\slshape,
The control sequence at the end of the top line
of your error message was never \def'ed. If you have
misspelled it (e.g., `\hobx'), type `I' and the correct
spelling (e.g., `I\hbox'). Otherwise just continue,
and I'll forget about whatever was undefined.


LaTeX Font Warning: Font shape `OT1/cmss/bx/sl' undefined
(Font)              using `OT1/cmss/bx/n' instead on input line 35.

d:/TEAM_BOOK-2025/LaMaquinitaTeamBook/preamble.tex:40: Undefined control sequence.
l.40 	numbers=left, numberstyle=\tiny
                                     , stepnumber=1, numbersep=9pt,
The control sequence at the end of the top line
of your error message was never \def'ed. If you have
misspelled it (e.g., `\hobx'), type `I' and the correct
spelling (e.g., `I\hbox'). Otherwise just continue,
and I'll forget about whatever was undefined.

d:/TEAM_BOOK-2025/LaMaquinitaTeamBook/preamble.tex:43: Undefined control sequence.
l.43 	keywordstyle=\color
                         {darkblue}\ttfamily,
The control sequence at the end of the top line
of your error message was never \def'ed. If you have
misspelled it (e.g., `\hobx'), type `I' and the correct
spelling (e.g., `I\hbox'). Otherwise just continue,
and I'll forget about whatever was undefined.

d:/TEAM_BOOK-2025/LaMaquinitaTeamBook/preamble.tex:44: Undefined control sequence.
l.44 	stringstyle=\color
                        {magenta}\ttfamily,
The control sequence at the end of the top line
of your error message was never \def'ed. If you have
misspelled it (e.g., `\hobx'), type `I' and the correct
spelling (e.g., `I\hbox'). Otherwise just continue,
and I'll forget about whatever was undefined.

d:/TEAM_BOOK-2025/LaMaquinitaTeamBook/preamble.tex:45: Undefined control sequence.
l.45 	commentstyle=\color
                         {RedOrange}\ttfamily,
The control sequence at the end of the top line
of your error message was never \def'ed. If you have
misspelled it (e.g., `\hobx'), type `I' and the correct
spelling (e.g., `I\hbox'). Otherwise just continue,
and I'll forget about whatever was undefined.

d:/TEAM_BOOK-2025/LaMaquinitaTeamBook/preamble.tex:46: Undefined control sequence.
l.46 	morecomment=[l][\color
                            {OliveGreen}]{\#}
The control sequence at the end of the top line
of your error message was never \def'ed. If you have
misspelled it (e.g., `\hobx'), type `I' and the correct
spelling (e.g., `I\hbox'). Otherwise just continue,
and I'll forget about whatever was undefined.


Overfull \hbox (10.86105pt too wide) in paragraph at lines 21--48
[]
 []


Overfull \hbox (5.24995pt too wide) in paragraph at lines 21--48
\OT1/cmtt/m/n/10 ,
 []


Overfull \hbox (73.49936pt too wide) in paragraph at lines 21--48
\OT1/cmtt/m/n/10 keywordstyle=\OT1/cmtt/m/sl/10 ,
 []


Overfull \hbox (89.24922pt too wide) in paragraph at lines 21--48
\OT1/cmtt/m/sl/10 emph=[1]tipo,usa,
 []


Overfull \hbox (73.49936pt too wide) in paragraph at lines 21--48
\OT1/cmtt/m/sl/10 emphstyle=[1],
 []


Overfull \hbox (178.49844pt too wide) in paragraph at lines 21--48
\OT1/cmtt/m/sl/10 morekeywords=tint,forn,forsn,fore,
 []


Overfull \hbox (125.9989pt too wide) in paragraph at lines 21--48
\OT1/cmtt/m/sl/10 basewidth=0.47em,0.40em,
 []


Overfull \hbox (73.49936pt too wide) in paragraph at lines 21--48
\OT1/cmtt/m/sl/10 columns=fixed,
 []


Overfull \hbox (57.7495pt too wide) in paragraph at lines 21--48
\OT1/cmtt/m/sl/10 fontadjust,
 []


Overfull \hbox (68.2494pt too wide) in paragraph at lines 21--48
\OT1/cmtt/m/sl/10 resetmargins,
 []


Overfull \hbox (89.24922pt too wide) in paragraph at lines 21--48
\OT1/cmtt/m/sl/10 xrightmargin=5pt,
 []


Overfull \hbox (89.24922pt too wide) in paragraph at lines 21--48
\OT1/cmtt/m/sl/10 xleftmargin=15pt,
 []


Overfull \hbox (115.499pt too wide) in paragraph at lines 21--48
\OT1/cmtt/m/sl/10 flexiblecolumns=false,
 []


Overfull \hbox (52.49954pt too wide) in paragraph at lines 21--48
\OT1/cmtt/m/sl/10 tabsize=2,
 []


Overfull \hbox (57.7495pt too wide) in paragraph at lines 21--48
\OT1/cmtt/m/sl/10 breaklines,
 []


Overfull \hbox (125.9989pt too wide) in paragraph at lines 21--48
\OT1/cmtt/m/sl/10 breakatwhitespace=false,
 []


Overfull \hbox (99.74913pt too wide) in paragraph at lines 21--48
\OT1/cmtt/m/sl/10 extendedchars=true,
 []


Overfull \hbox (68.2494pt too wide) in paragraph at lines 21--48
\OT1/cmtt/m/sl/10 numbers=left,
 []


Overfull \hbox (68.2494pt too wide) in paragraph at lines 21--48
\OT1/cmtt/m/sl/10 numberstyle=,
 []


Overfull \hbox (68.2494pt too wide) in paragraph at lines 21--48
\OT1/cmtt/m/sl/10 stepnumber=1,
 []


Overfull \hbox (73.49936pt too wide) in paragraph at lines 21--48
\OT1/cmtt/m/sl/10 numbersep=9pt,
 []


Overfull \hbox (41.99963pt too wide) in paragraph at lines 21--48
\OT1/cmtt/m/sl/10 frame=l,
 []


Overfull \hbox (68.2494pt too wide) in paragraph at lines 21--48
\OT1/cmtt/m/sl/10 framesep=3pt,
 []


Overfull \hbox (62.99945pt too wide) in paragraph at lines 21--48
\OT1/cmtt/m/sl/10 basicstyle=,
 []


Overfull \hbox (115.499pt too wide) in paragraph at lines 21--48
\OT1/cmtt/m/sl/10 keywordstyle=darkblue,
 []


Overfull \hbox (104.99908pt too wide) in paragraph at lines 21--48
\OT1/cmtt/m/sl/10 stringstyle=magenta,
 []


Overfull \hbox (120.74895pt too wide) in paragraph at lines 21--48
\OT1/cmtt/m/sl/10 commentstyle=RedOrange,
 []


Overfull \hbox (146.99872pt too wide) in paragraph at lines 21--48
\OT1/cmtt/m/sl/10 morecomment=[l][OliveGreen]#
 []

d:/TEAM_BOOK-2025/LaMaquinitaTeamBook/preamble.tex:49: Undefined control sequence.
l.49 \lstdefinestyle
                    {C++}{
The control sequence at the end of the top line
of your error message was never \def'ed. If you have
misspelled it (e.g., `\hobx'), type `I' and the correct
spelling (e.g., `I\hbox'). Otherwise just continue,
and I'll forget about whatever was undefined.


d:/TEAM_BOOK-2025/LaMaquinitaTeamBook/preamble.tex:49: LaTeX Error: Missing \begin{document}.

See the LaTeX manual or LaTeX Companion for explanation.
Type  H <return>  for immediate help.
 ...                                              
                                                  
l.49 \lstdefinestyle{C
                      ++}{
You're in trouble here.  Try typing  <return>  to proceed.
If that doesn't work, type  X <return>  to quit.

Missing character: There is no C in font nullfont!
Missing character: There is no + in font nullfont!
Missing character: There is no + in font nullfont!
Missing character: There is no l in font nullfont!
Missing character: There is no a in font nullfont!
Missing character: There is no n in font nullfont!
Missing character: There is no g in font nullfont!
Missing character: There is no u in font nullfont!
Missing character: There is no a in font nullfont!
Missing character: There is no g in font nullfont!
Missing character: There is no e in font nullfont!
Missing character: There is no = in font nullfont!
Missing character: There is no C in font nullfont!
Missing character: There is no + in font nullfont!
Missing character: There is no + in font nullfont!
Missing character: There is no , in font nullfont!
Missing character: There is no b in font nullfont!
Missing character: There is no a in font nullfont!
Missing character: There is no s in font nullfont!
Missing character: There is no i in font nullfont!
Missing character: There is no c in font nullfont!
Missing character: There is no s in font nullfont!
Missing character: There is no t in font nullfont!
Missing character: There is no y in font nullfont!
Missing character: There is no l in font nullfont!
Missing character: There is no e in font nullfont!
Missing character: There is no = in font nullfont!
d:/TEAM_BOOK-2025/LaMaquinitaTeamBook/preamble.tex:50: Undefined control sequence.
l.50 	language=C++, basicstyle=\small
                                     \ttfamily, keywordstyle=\slshape,
The control sequence at the end of the top line
of your error message was never \def'ed. If you have
misspelled it (e.g., `\hobx'), type `I' and the correct
spelling (e.g., `I\hbox'). Otherwise just continue,
and I'll forget about whatever was undefined.

d:/TEAM_BOOK-2025/LaMaquinitaTeamBook/preamble.tex:56: Undefined control sequence.
l.56 	numbers=left, numberstyle=\tiny
                                     , stepnumber=1, numbersep=9pt,
The control sequence at the end of the top line
of your error message was never \def'ed. If you have
misspelled it (e.g., `\hobx'), type `I' and the correct
spelling (e.g., `I\hbox'). Otherwise just continue,
and I'll forget about whatever was undefined.

d:/TEAM_BOOK-2025/LaMaquinitaTeamBook/preamble.tex:59: Undefined control sequence.
l.59 	keywordstyle=\color
                         {darkblue}\ttfamily,
The control sequence at the end of the top line
of your error message was never \def'ed. If you have
misspelled it (e.g., `\hobx'), type `I' and the correct
spelling (e.g., `I\hbox'). Otherwise just continue,
and I'll forget about whatever was undefined.

d:/TEAM_BOOK-2025/LaMaquinitaTeamBook/preamble.tex:60: Undefined control sequence.
l.60 	stringstyle=\color
                        {magenta}\ttfamily,
The control sequence at the end of the top line
of your error message was never \def'ed. If you have
misspelled it (e.g., `\hobx'), type `I' and the correct
spelling (e.g., `I\hbox'). Otherwise just continue,
and I'll forget about whatever was undefined.

d:/TEAM_BOOK-2025/LaMaquinitaTeamBook/preamble.tex:61: Undefined control sequence.
l.61 	commentstyle=\color
                         {RedOrange}\ttfamily,
The control sequence at the end of the top line
of your error message was never \def'ed. If you have
misspelled it (e.g., `\hobx'), type `I' and the correct
spelling (e.g., `I\hbox'). Otherwise just continue,
and I'll forget about whatever was undefined.

d:/TEAM_BOOK-2025/LaMaquinitaTeamBook/preamble.tex:62: Undefined control sequence.
l.62 	morecomment=[l][\color
                            {OliveGreen}]{\#}
The control sequence at the end of the top line
of your error message was never \def'ed. If you have
misspelled it (e.g., `\hobx'), type `I' and the correct
spelling (e.g., `I\hbox'). Otherwise just continue,
and I'll forget about whatever was undefined.


Overfull \hbox (5.24995pt too wide) in paragraph at lines 49--64
\OT1/cmtt/m/n/10 ,
 []


Overfull \hbox (73.49936pt too wide) in paragraph at lines 49--64
\OT1/cmtt/m/n/10 keywordstyle=\OT1/cmtt/m/sl/10 ,
 []


Overfull \hbox (120.74895pt too wide) in paragraph at lines 49--64
\OT1/cmtt/m/sl/10 emph=[1]tipo,usa,tipo2,
 []


Overfull \hbox (73.49936pt too wide) in paragraph at lines 49--64
\OT1/cmtt/m/sl/10 emphstyle=[1],
 []


Overfull \hbox (178.49844pt too wide) in paragraph at lines 49--64
\OT1/cmtt/m/sl/10 morekeywords=tint,forn,forsn,fore,
 []


Overfull \hbox (125.9989pt too wide) in paragraph at lines 49--64
\OT1/cmtt/m/sl/10 basewidth=0.47em,0.40em,
 []


Overfull \hbox (73.49936pt too wide) in paragraph at lines 49--64
\OT1/cmtt/m/sl/10 columns=fixed,
 []


Overfull \hbox (57.7495pt too wide) in paragraph at lines 49--64
\OT1/cmtt/m/sl/10 fontadjust,
 []


Overfull \hbox (68.2494pt too wide) in paragraph at lines 49--64
\OT1/cmtt/m/sl/10 resetmargins,
 []


Overfull \hbox (89.24922pt too wide) in paragraph at lines 49--64
\OT1/cmtt/m/sl/10 xrightmargin=5pt,
 []


Overfull \hbox (89.24922pt too wide) in paragraph at lines 49--64
\OT1/cmtt/m/sl/10 xleftmargin=15pt,
 []


Overfull \hbox (115.499pt too wide) in paragraph at lines 49--64
\OT1/cmtt/m/sl/10 flexiblecolumns=false,
 []


Overfull \hbox (52.49954pt too wide) in paragraph at lines 49--64
\OT1/cmtt/m/sl/10 tabsize=2,
 []


Overfull \hbox (57.7495pt too wide) in paragraph at lines 49--64
\OT1/cmtt/m/sl/10 breaklines,
 []


Overfull \hbox (125.9989pt too wide) in paragraph at lines 49--64
\OT1/cmtt/m/sl/10 breakatwhitespace=false,
 []


Overfull \hbox (99.74913pt too wide) in paragraph at lines 49--64
\OT1/cmtt/m/sl/10 extendedchars=true,
 []


Overfull \hbox (68.2494pt too wide) in paragraph at lines 49--64
\OT1/cmtt/m/sl/10 numbers=left,
 []


Overfull \hbox (68.2494pt too wide) in paragraph at lines 49--64
\OT1/cmtt/m/sl/10 numberstyle=,
 []


Overfull \hbox (68.2494pt too wide) in paragraph at lines 49--64
\OT1/cmtt/m/sl/10 stepnumber=1,
 []


Overfull \hbox (73.49936pt too wide) in paragraph at lines 49--64
\OT1/cmtt/m/sl/10 numbersep=9pt,
 []


Overfull \hbox (41.99963pt too wide) in paragraph at lines 49--64
\OT1/cmtt/m/sl/10 frame=l,
 []


Overfull \hbox (68.2494pt too wide) in paragraph at lines 49--64
\OT1/cmtt/m/sl/10 framesep=3pt,
 []


Overfull \hbox (62.99945pt too wide) in paragraph at lines 49--64
\OT1/cmtt/m/sl/10 basicstyle=,
 []


Overfull \hbox (115.499pt too wide) in paragraph at lines 49--64
\OT1/cmtt/m/sl/10 keywordstyle=darkblue,
 []


Overfull \hbox (104.99908pt too wide) in paragraph at lines 49--64
\OT1/cmtt/m/sl/10 stringstyle=magenta,
 []


Overfull \hbox (120.74895pt too wide) in paragraph at lines 49--64
\OT1/cmtt/m/sl/10 commentstyle=RedOrange,
 []


Overfull \hbox (146.99872pt too wide) in paragraph at lines 49--64
\OT1/cmtt/m/sl/10 morecomment=[l][OliveGreen]#
 []

)
! Emergency stop.
<*> ..._BOOK-2025/LaMaquinitaTeamBook/preamble.tex
                                                  
*** (job aborted, no legal \end found)

 
Here is how much of TeX's memory you used:
 50 strings out of 468219
 811 string characters out of 5432385
 426021 words of memory out of 5000000
 28675 multiletter control sequences out of 15000+600000
 628120 words of font info for 45 fonts, out of 8000000 for 9000
 1141 hyphenation exceptions out of 8191
 18i,2n,23p,160b,152s stack positions out of 10000i,1000n,20000p,200000b,200000s
!  ==> Fatal error occurred, no output PDF file produced!
